// Jest Snapshot v1, https://goo.gl/fbAQLP

exports[`Debe mostrarse correctamente Debe mostrarse correctamente 1`] = `
<div
  className="container mt-5"
>
  <h2>
    Login
  </h2>
  <hr />
  <button
    className="btn btn-primary"
    onClick={[Function]}
  >
    Login
  </button>
</div>
`;
